<html>
<body>
<pre>
<h1>µVision Build Log</h1>
<h2>Tool Versions:</h2>
IDE-Version: ¦ÌVision V5.42.0.0
Copyright (C) 2025 ARM Ltd and ARM Germany GmbH. All rights reserved.
License Information: 1 °¢Éª, 1, LIC=8VRJ7-EQP2K-MM79I-TEURF-M73GQ-GYR02
 
Tool Versions:
Toolchain:       MDK-ARM Plus  Version: 5.42.0.0
Toolchain Path:  E:\ShangGuiGu\tool_software\keil\ARM\ARMCC\Bin
C Compiler:      Armcc.exe V5.06 update 7 (build 960)
Assembler:       Armasm.exe V5.06 update 7 (build 960)
Linker/Locator:  ArmLink.exe V5.06 update 7 (build 960)
Library Manager: ArmAr.exe V5.06 update 7 (build 960)
Hex Converter:   FromElf.exe V5.06 update 7 (build 960)
CPU DLL:         SARMCM3.DLL V5.42.0.0
Dialog DLL:      DCM.DLL V1.17.5.0
Target DLL:      STLink\ST-LINKIII-KEIL_SWO.dll V3.3.0.0
Dialog DLL:      TCM.DLL V1.56.6.0
 
<h2>Project:</h2>
e:\ShangGuiGu\learn_code\keil_32_code\vscode_cycling computer\speed_meter_32\MDK-ARM\speed_meter.uvprojx
Project File Date:  08/26/2026

<h2>Output:</h2>
*** Using Compiler 'V5.06 update 7 (build 960)', folder: 'E:\ShangGuiGu\tool_software\keil\ARM\ARMCC\Bin'
Build target 'speed_meter'
Note: source file '../Middlewares/lvgl/src/libs/gltf/gltf_view/lv_gltf_view_shader.cpp' - object file renamed from 'speed_meter\lv_gltf_view_shader.o' to 'speed_meter\lv_gltf_view_shader_1.o'.
Note: source file '../Middlewares/lvgl/src/others/vg_lite_tvg/vg_lite_matrix.c' - object file renamed from 'speed_meter\vg_lite_matrix.o' to 'speed_meter\vg_lite_matrix_1.o'.
assembling startup_stm32f405xx.s...
compiling ui.c...
compiling usart.c...
compiling GPS.c...
..\Int\GPS.h(6): warning:  #1-D: last line of file ends without a newline
  #endif
..\Int\GPS.c: 1 warning, 0 errors
linking...
Program Size: Code=439848 RO-data=79372 RW-data=916 ZI-data=106576  
FromELF: creating hex file...
"speed_meter\speed_meter.axf" - 0 Error(s), 1 Warning(s).

<h2>Software Packages used:</h2>

Package Vendor: ARM
                https://www.keil.com/pack/ARM.CMSIS.6.1.0.pack
                ARM::CMSIS@6.1.0
                CMSIS (Common Microcontroller Software Interface Standard)
   * Component: CORE Version: 6.1.0

Package Vendor: Keil
                https://www.keil.com/pack/Keil.STM32F4xx_DFP.3.1.1.pack
                Keil::STM32F4xx_DFP@3.1.1
                STMicroelectronics STM32F4 Series Device Support

<h2>Collection of Component include folders:</h2>
  ./RTE/_speed_meter
  E:/ShangGuiGu/tool_software/keil/Packs/ARM/CMSIS/6.1.0/CMSIS/Core/Include

<h2>Collection of Component Files used:</h2>

   * Component: ARM::CMSIS:CORE@6.1.0
      Include file:  CMSIS/Core/Include/tz_context.h
Build Time Elapsed:  00:00:22
</pre>
</body>
</html>
